// Jest Snapshot v1, https://goo.gl/fbAQLP

exports[`NoRooms component should match the snapshot 1`] = `
<div
  class="no-rooms"
>
  No rooms at the moment
</div>
`;
