// Jest Snapshot v1, https://goo.gl/fbAQLP

exports[`Splash component should match the snapshot 1`] = `null`;
